// Jest Snapshot v1, https://goo.gl/fbAQLP

exports[`<NotFoundPage /> should match snapshot 1`] = `
Array [
  .c3 {
  display: -webkit-box;
  display: -webkit-flex;
  display: -ms-flexbox;
  display: flex;
  -webkit-align-items: center;
  -webkit-box-align: center;
  -ms-flex-align: center;
  align-items: center;
}

.c4 {
  font-size: 1.25rem;
  color: rgba(58,52,51,1);
  font-weight: bold;
  margin-right: 1rem;
}

.c5 {
  font-size: 0.875rem;
  color: rgba(58,52,51,0.7);
  font-weight: normal;
}

.c6 {
  display: -webkit-box;
  display: -webkit-flex;
  display: -ms-flexbox;
  display: flex;
  margin-right: -1rem;
}

.c7 {
  color: rgba(215,113,88,1);
  cursor: pointer;
  -webkit-text-decoration: none;
  text-decoration: none;
  display: -webkit-box;
  display: -webkit-flex;
  display: -ms-flexbox;
  display: flex;
  padding: 0.25rem 1rem;
  font-size: 0.875rem;
  font-weight: 500;
  -webkit-align-items: center;
  -webkit-box-align: center;
  -ms-flex-align: center;
  align-items: center;
}

.c7:hover {
  opacity: 0.8;
}

.c7:active {
  opacity: 0.4;
}

.c7 .icon {
  margin-right: 0.25rem;
}

.c2 {
  width: 960px;
  margin: 0 auto;
  padding: 0 1.5rem;
  box-sizing: content-box;
}

.c0 {
  box-shadow: 0 1px 0 0 rgba(58,52,51,0.05);
  height: 4rem;
  display: -webkit-box;
  display: -webkit-flex;
  display: -ms-flexbox;
  display: flex;
  position: fixed;
  top: 0;
  width: 100%;
  background-color: rgba(255,255,255,1);
  z-index: 2;
}

.c0 .c1 {
  display: -webkit-box;
  display: -webkit-flex;
  display: -ms-flexbox;
  display: flex;
  -webkit-align-items: center;
  -webkit-box-align: center;
  -ms-flex-align: center;
  align-items: center;
  -webkit-box-pack: justify;
  -webkit-justify-content: space-between;
  -ms-flex-pack: justify;
  justify-content: space-between;
}

@supports (-webkit-backdrop-filter:blur(10px)) or (backdrop-filter:blur(10px)) {
  .c0 {
    -webkit-backdrop-filter: blur(10px);
    backdrop-filter: blur(10px);
    background-color: rgba(255,255,255,0.75);
  }
}

<header
    className="c0"
  >
    <div
      className="c1 c2"
    >
      <div
        className="c3"
      >
        <div
          className="c4"
        >
          SpicySwap
        </div>
        <div
          className="c5"
        >
          next-generation DEX
        </div>
      </div>
      <nav
        className="c6"
      >
        <a
          className="c7"
          href="#"
          rel="noopener noreferrer"
          target="_blank"
          title="Dashboard Page"
        >
          <svg
            fill="currentColor"
            height="25"
            style={
              Object {
                "paddingRight": "5px",
              }
            }
            viewBox="0 0 24 24"
            width="25"
            xmlns="http://www.w3.org/2000/svg"
          >
            <path
              d="M21.66,10.25l-9-8a1,1,0,0,0-1.32,0l-9,8a1,1,0,0,0-.27,1.11A1,1,0,0,0,3,12H4v9a1,1,0,0,0,1,1H19a1,1,0,0,0,1-1V12h1a1,1,0,0,0,.93-.64A1,1,0,0,0,21.66,10.25ZM13,20H11V17a1,1,0,0,1,2,0Zm5,0H15V17a3,3,0,0,0-6,0v3H6V12H18ZM5.63,10,12,4.34,18.37,10Z"
            />
          </svg>
          Dashboard
        </a>
        <a
          className="c7"
          href="#"
          rel="noopener noreferrer"
          target="_blank"
          title="Swap Page"
        >
          <svg
            fill="currentColor"
            height="25"
            style={
              Object {
                "paddingRight": "5px",
              }
            }
            viewBox="0 0 24 24"
            width="25"
            xmlns="http://www.w3.org/2000/svg"
          >
            <path
              d="M11,9h4a1,1,0,0,0,0-2H13V6a1,1,0,0,0-2,0V7a3,3,0,0,0,0,6h2a1,1,0,0,1,0,2H9a1,1,0,0,0,0,2h2v1a1,1,0,0,0,2,0V17a3,3,0,0,0,0-6H11a1,1,0,0,1,0-2Zm1-8A11,11,0,1,0,23,12,11,11,0,0,0,12,1Zm0,20a9,9,0,1,1,9-9A9,9,0,0,1,12,21Z"
            />
          </svg>
          Swap
        </a>
        <a
          className="c7"
          href="#"
          rel="noopener noreferrer"
          target="_blank"
          title="Liquidity Page"
        >
          <svg
            fill="currentColor"
            height="25"
            style={
              Object {
                "paddingRight": "5px",
              }
            }
            viewBox="0 0 24 24"
            width="25"
            xmlns="http://www.w3.org/2000/svg"
          >
            <path
              d="M10.46,6,11,5.41V9a1,1,0,0,0,2,0V5.41l.54.55A1,1,0,0,0,15,6a1,1,0,0,0,0-1.42L12.71,2.29a1,1,0,0,0-.33-.21,1,1,0,0,0-.76,0,1,1,0,0,0-.33.21L9,4.54A1,1,0,0,0,10.46,6ZM12,12a3,3,0,1,0,3,3A3,3,0,0,0,12,12Zm0,4a1,1,0,1,1,1-1A1,1,0,0,1,12,16ZM5,15a1,1,0,1,0,1-1A1,1,0,0,0,5,15Zm14,0a1,1,0,1,0-1,1A1,1,0,0,0,19,15Zm1-7H16a1,1,0,0,0,0,2h4a1,1,0,0,1,1,1v8a1,1,0,0,1-1,1H4a1,1,0,0,1-1-1V11a1,1,0,0,1,1-1H8A1,1,0,0,0,8,8H4a3,3,0,0,0-3,3v8a3,3,0,0,0,3,3H20a3,3,0,0,0,3-3V11A3,3,0,0,0,20,8Z"
            />
          </svg>
          Liquidity
        </a>
        <a
          className="c7"
          href="#"
          rel="noopener noreferrer"
          target="_blank"
          title="Farm Page"
        >
          <svg
            fill="currentColor"
            height="25"
            style={
              Object {
                "paddingRight": "5px",
              }
            }
            viewBox="0 0 24 24"
            width="25"
            xmlns="http://www.w3.org/2000/svg"
          >
            <path
              d="M21.12,2.88a3.08,3.08,0,0,0-4.24,0L14.46,5.29a3,3,0,0,0-.57,3.41l-2.15,2.15-2-2a3,3,0,0,0-5,1.17l-2.66,8a3,3,0,0,0,.72,3.07A3,3,0,0,0,5,22a2.87,2.87,0,0,0,1-.16l8-2.66a3,3,0,0,0,1.17-5l-2-2,2.15-2.15a3,3,0,0,0,3.41-.57l2.41-2.42A3,3,0,0,0,21.12,2.88ZM13.7,15.63a1,1,0,0,1-.4,1.65L5.32,20a1,1,0,0,1-1-.25,1,1,0,0,1-.25-1l2.67-8A1,1,0,0,1,7.44,10a1.07,1.07,0,0,1,.23,0,1,1,0,0,1,.7.29l2,2-.87.86a1,1,0,0,0,0,1.42,1,1,0,0,0,1.42,0l.86-.87Zm6-9.92L17.29,8.12a1,1,0,0,1-1.7-.71,1,1,0,0,1,.29-.7l2.41-2.42a1,1,0,0,1,1.42,0A1,1,0,0,1,19.71,5.71Z"
            />
          </svg>
          Farm
        </a>
        <a
          className="c7"
          href="#"
          rel="noopener noreferrer"
          target="_blank"
          title="Analytics Page"
        >
          <svg
            fill="currentColor"
            height="25"
            style={
              Object {
                "paddingRight": "5px",
              }
            }
            viewBox="0 0 24 24"
            width="25"
            xmlns="http://www.w3.org/2000/svg"
          >
            <path
              d="M5,12a1,1,0,0,0-1,1v8a1,1,0,0,0,2,0V13A1,1,0,0,0,5,12ZM10,2A1,1,0,0,0,9,3V21a1,1,0,0,0,2,0V3A1,1,0,0,0,10,2ZM20,16a1,1,0,0,0-1,1v4a1,1,0,0,0,2,0V17A1,1,0,0,0,20,16ZM15,8a1,1,0,0,0-1,1V21a1,1,0,0,0,2,0V9A1,1,0,0,0,15,8Z"
            />
          </svg>
          Analytics
        </a>
      </nav>
    </div>
  </header>,
  .c2 {
  font-size: 1rem;
  line-height: 1.5;
  color: rgba(58,52,51,0.7);
  margin: 0.625rem 0 1.5rem 0;
}

.c3 {
  color: rgba(215,113,88,1);
  -webkit-text-decoration: none;
  text-decoration: none;
}

.c3:hover {
  -webkit-text-decoration: underline;
  text-decoration: underline;
  opacity: 0.8;
}

.c3:active {
  opacity: 0.4;
}

.c0 {
  height: calc(100vh - 4rem);
  display: -webkit-box;
  display: -webkit-flex;
  display: -ms-flexbox;
  display: flex;
  -webkit-align-items: center;
  -webkit-box-align: center;
  -ms-flex-align: center;
  align-items: center;
  -webkit-box-pack: center;
  -webkit-justify-content: center;
  -ms-flex-pack: center;
  justify-content: center;
  -webkit-flex-direction: column;
  -ms-flex-direction: column;
  flex-direction: column;
  min-height: 320px;
}

.c1 {
  margin-top: -8vh;
  font-weight: bold;
  color: rgba(58,52,51,1);
  font-size: 3.375rem;
}

.c1 span {
  font-size: 3.125rem;
}

@supports (-webkit-backdrop-filter:blur(10px)) or (backdrop-filter:blur(10px)) {

}

<div
    className="c0"
  >
    <div
      className="c1"
    >
      4
      <span
        aria-label="Crying Face"
        role="img"
      >
        ðŸ˜¢
      </span>
      4
    </div>
    <p
      className="c2"
    >
      Page not found.
    </p>
    <a
      className="c3"
      href="/"
      onClick={[Function]}
    >
      Return to Home Page
    </a>
  </div>,
]
`;
